// Jest Snapshot v1, https://goo.gl/fbAQLP

exports[`<ReactJkMusicPlayer/> should render a <ReactJkMusicPlayer/> components 1`] = `
<ReactJkMusicPlayer
  audioLists={Array []}
  autoHiddenCover={false}
  autoPlay={true}
  bounds="body"
  checkedText=""
  className="text-class-name"
  closeText="close"
  controllerTitle={<FaHeadphones />}
  defaultPlayIndex={0}
  defaultPlayMode="order"
  defaultPosition={
    Object {
      "left": 0,
      "top": 0,
    }
  }
  defaultVolume={100}
  drag={true}
  emptyLyricPlaceholder="NO LYRIC"
  getContainer={[Function]}
  glassBg={false}
  loadAudioErrorPlayNext={true}
  mode="mini"
  notContentText="no music"
  once={false}
  openText="open"
  panelTitle="PlayList"
  playModeShowTime={600}
  playModeText={
    Object {
      "order": "order",
      "orderLoop": "orderLoop",
      "shufflePlay": "shufflePlay",
      "singleLoop": "singleLoop",
    }
  }
  playModeTipVisible={false}
  preload={false}
  remember={false}
  remove={true}
  seeked={true}
  showDownload={true}
  showLyric={false}
  showMiniModeCover={true}
  showMiniProcessBar={false}
  showPlay={true}
  showPlayMode={true}
  showProgressLoadBar={true}
  showReload={true}
  showThemeSwitch={true}
  theme="dark"
  toggleMode={true}
  unCheckedText=""
>
  <Portal
    containerInfo={
      <body>
        <div
          class="react-jinke-music-player-main text-class-name"
        >
          <div
            class="react-jinke-music-player react-draggable"
            style="left: 0px; top: 0px; transform: translate(0px,0px);"
          >
            <div
              class="music-player"
            >
              <div
                class="scale music-player-controller"
                id="music-player-controller"
                style="background-image: url();"
              >
                <span
                  class="controller-title"
                >
                  <svg
                    fill="currentColor"
                    height="1em"
                    preserveAspectRatio="xMidYMid meet"
                    style="vertical-align: middle;"
                    viewBox="0 0 40 40"
                    width="1em"
                  >
                    <g>
                      <path
                        d="m38.6 19.8q0 3.7-1.3 7l-0.4 1.1-4.2 0.7q-0.5 1.9-2 3.1t-3.5 1.2v0.7q0 0.3-0.2 0.5t-0.5 0.2h-1.4q-0.3 0-0.5-0.2t-0.2-0.5v-12.9q0-0.3 0.2-0.5t0.5-0.2h1.4q0.3 0 0.5 0.2t0.2 0.5v0.7q1.6 0 2.9 0.8t2.1 2.2l1.5-0.3q0.7-2.1 0.7-4.3 0-3.3-2-6.3t-5.3-4.6-7-1.8-7.1 1.8-5.2 4.6-2 6.3q0 2.2 0.6 4.3l1.6 0.2q0.7-1.3 2-2.1t2.9-0.8v-0.7q0-0.3 0.2-0.5t0.5-0.2h1.5q0.3 0 0.5 0.2t0.2 0.5v12.9q0 0.3-0.2 0.5t-0.5 0.2h-1.5q-0.3 0-0.5-0.2t-0.2-0.5v-0.7q-1.9 0-3.5-1.2t-2-3.1l-4.1-0.7-0.5-1.1q-1.3-3.3-1.3-7 0-3.4 1.5-6.5t4-5.4 5.9-3.7 7.2-1.3 7.1 1.3 6 3.7 4 5.4 1.5 6.5z"
                      />
                    </g>
                  </svg>
                </span>
                <div
                  class="music-player-controller-setting"
                >
                  open
                </div>
              </div>
            </div>
          </div>
          <div
            class="audio-lists-panel"
          >
            <div
              class="audio-lists-panel-header"
            >
              <h2
                class="title"
              >
                <span>
                  PlayList
                   / 
                </span>
                <span
                  class="num"
                >
                  0
                </span>
                <span
                  class="close-btn"
                  title="Close"
                >
                  <svg
                    fill="currentColor"
                    height="1em"
                    preserveAspectRatio="xMidYMid meet"
                    style="vertical-align: middle;"
                    viewBox="0 0 40 40"
                    width="1em"
                  >
                    <g>
                      <path
                        d="m31 19.3q0 0.3-0.2 0.5l-10.4 10.4q-0.3 0.2-0.5 0.2t-0.6-0.2l-10.4-10.4q-0.2-0.2-0.2-0.5t0.2-0.5l1.2-1.1q0.2-0.3 0.5-0.3t0.5 0.3l8.8 8.7 8.7-8.7q0.3-0.3 0.5-0.3t0.6 0.3l1.1 1.1q0.2 0.2 0.2 0.5z m0-8.6q0 0.3-0.2 0.5l-10.4 10.4q-0.3 0.3-0.5 0.3t-0.6-0.3l-10.4-10.4q-0.2-0.2-0.2-0.5t0.2-0.5l1.2-1.1q0.2-0.2 0.5-0.2t0.5 0.2l8.8 8.8 8.7-8.8q0.3-0.2 0.5-0.2t0.6 0.2l1.1 1.1q0.2 0.2 0.2 0.5z"
                      />
                    </g>
                  </svg>
                </span>
                <span
                  class="line"
                />
                <span
                  class="delete-btn"
                  title="Delete audio lists"
                >
                  <svg
                    fill="currentColor"
                    height="1em"
                    preserveAspectRatio="xMidYMid meet"
                    style="vertical-align: middle;"
                    viewBox="0 0 40 40"
                    width="1em"
                  >
                    <g>
                      <path
                        d="m15.9 16.4v12.9q0 0.3-0.2 0.5t-0.5 0.2h-1.4q-0.3 0-0.5-0.2t-0.2-0.5v-12.9q0-0.3 0.2-0.5t0.5-0.2h1.4q0.3 0 0.5 0.2t0.2 0.5z m5.7 0v12.9q0 0.3-0.2 0.5t-0.5 0.2h-1.4q-0.3 0-0.5-0.2t-0.2-0.5v-12.9q0-0.3 0.2-0.5t0.5-0.2h1.4q0.3 0 0.5 0.2t0.2 0.5z m5.8 0v12.9q0 0.3-0.2 0.5t-0.6 0.2h-1.4q-0.3 0-0.5-0.2t-0.2-0.5v-12.9q0-0.3 0.2-0.5t0.5-0.2h1.4q0.4 0 0.6 0.2t0.2 0.5z m2.8 16.2v-21.2h-20v21.2q0 0.5 0.2 0.9t0.3 0.6 0.2 0.2h18.6q0.1 0 0.2-0.2t0.4-0.6 0.1-0.9z m-15-24h10l-1.1-2.6q-0.1-0.2-0.3-0.3h-7.1q-0.2 0.1-0.4 0.3z m20.7 0.7v1.4q0 0.3-0.2 0.5t-0.5 0.2h-2.1v21.2q0 1.8-1.1 3.2t-2.5 1.3h-18.6q-1.4 0-2.5-1.3t-1-3.1v-21.3h-2.2q-0.3 0-0.5-0.2t-0.2-0.5v-1.4q0-0.3 0.2-0.5t0.5-0.2h6.9l1.6-3.8q0.3-0.8 1.2-1.4t1.7-0.5h7.2q0.9 0 1.8 0.5t1.2 1.4l1.5 3.8h6.9q0.3 0 0.5 0.2t0.2 0.5z"
                      />
                    </g>
                  </svg>
                </span>
              </h2>
            </div>
            <div
              class="audio-lists-panel-content no-content"
            >
              <span>
                <svg
                  fill="currentColor"
                  height="1em"
                  preserveAspectRatio="xMidYMid meet"
                  style="vertical-align: middle;"
                  viewBox="0 0 40 40"
                  width="1em"
                >
                  <g>
                    <path
                      d="m6.6 10v23.4h23.4v3.2h-23.4c-1.8 0-3.2-1.4-3.2-3.2v-23.4h3.2z m23.4 1.6v-3.2h-6.6v9.1c-0.7-0.6-1.6-0.9-2.5-0.9-2.3 0-4.3 2-4.3 4.3s2 4.1 4.3 4.1 4.1-1.9 4.1-4.1v-9.3h5z m3.4-8.2c1.8 0 3.2 1.4 3.2 3.2v20c0 1.8-1.4 3.4-3.2 3.4h-20c-1.8 0-3.4-1.6-3.4-3.4v-20c0-1.8 1.6-3.2 3.4-3.2h20z"
                    />
                  </g>
                </svg>
              </span>
              <span
                class="no-data"
              >
                no music
              </span>
            </div>
          </div>
          <audio
            class="music-player-audio"
            src=""
          />
        </div>
      </body>
    }
  >
    <div
      className="react-jinke-music-player-main text-class-name"
    >
      <Draggable
        allowAnyClick={false}
        axis="both"
        bounds="body"
        cancel={null}
        defaultClassName="react-draggable"
        defaultClassNameDragged="react-draggable-dragged"
        defaultClassNameDragging="react-draggable-dragging"
        defaultPosition={
          Object {
            "x": 0,
            "y": 0,
          }
        }
        disabled={false}
        enableUserSelectHack={true}
        grid={null}
        handle={null}
        offsetParent={null}
        onDrag={[Function]}
        onMouseDown={[Function]}
        onStart={[Function]}
        onStop={[Function]}
        position={
          Object {
            "x": 0,
            "y": 0,
          }
        }
        scale={1}
        transform={null}
      >
        <DraggableCore
          allowAnyClick={false}
          axis="both"
          bounds="body"
          cancel={null}
          defaultClassName="react-draggable"
          defaultClassNameDragged="react-draggable-dragged"
          defaultClassNameDragging="react-draggable-dragging"
          defaultPosition={
            Object {
              "x": 0,
              "y": 0,
            }
          }
          disabled={false}
          enableUserSelectHack={true}
          grid={null}
          handle={null}
          offsetParent={null}
          onDrag={[Function]}
          onMouseDown={[Function]}
          onStart={[Function]}
          onStop={[Function]}
          position={
            Object {
              "x": 0,
              "y": 0,
            }
          }
          scale={1}
          transform={null}
        >
          <div
            className="react-jinke-music-player react-draggable"
            key="react-jinke-music-player"
            onMouseDown={[Function]}
            onMouseUp={[Function]}
            onTouchEnd={[Function]}
            onTouchStart={[Function]}
            style={
              Object {
                "left": 0,
                "top": 0,
                "touchAction": "none",
                "transform": "translate(0px,0px)",
              }
            }
            transform={null}
          >
            <div
              className="music-player"
              key="music-player"
            >
              <div
                className="scale music-player-controller"
                id="music-player-controller"
                key="controller"
                style={
                  Object {
                    "backgroundImage": "url()",
                  }
                }
              >
                <span
                  className="controller-title"
                  key="controller-title"
                >
                  <FaHeadphones>
                    <IconBase
                      viewBox="0 0 40 40"
                    >
                      <svg
                        fill="currentColor"
                        height="1em"
                        preserveAspectRatio="xMidYMid meet"
                        style={
                          Object {
                            "color": undefined,
                            "verticalAlign": "middle",
                          }
                        }
                        viewBox="0 0 40 40"
                        width="1em"
                      >
                        <g>
                          <path
                            d="m38.6 19.8q0 3.7-1.3 7l-0.4 1.1-4.2 0.7q-0.5 1.9-2 3.1t-3.5 1.2v0.7q0 0.3-0.2 0.5t-0.5 0.2h-1.4q-0.3 0-0.5-0.2t-0.2-0.5v-12.9q0-0.3 0.2-0.5t0.5-0.2h1.4q0.3 0 0.5 0.2t0.2 0.5v0.7q1.6 0 2.9 0.8t2.1 2.2l1.5-0.3q0.7-2.1 0.7-4.3 0-3.3-2-6.3t-5.3-4.6-7-1.8-7.1 1.8-5.2 4.6-2 6.3q0 2.2 0.6 4.3l1.6 0.2q0.7-1.3 2-2.1t2.9-0.8v-0.7q0-0.3 0.2-0.5t0.5-0.2h1.5q0.3 0 0.5 0.2t0.2 0.5v12.9q0 0.3-0.2 0.5t-0.5 0.2h-1.5q-0.3 0-0.5-0.2t-0.2-0.5v-0.7q-1.9 0-3.5-1.2t-2-3.1l-4.1-0.7-0.5-1.1q-1.3-3.3-1.3-7 0-3.4 1.5-6.5t4-5.4 5.9-3.7 7.2-1.3 7.1 1.3 6 3.7 4 5.4 1.5 6.5z"
                          />
                        </g>
                      </svg>
                    </IconBase>
                  </FaHeadphones>
                </span>
                <div
                  className="music-player-controller-setting"
                  key="setting"
                >
                  open
                </div>
              </div>
            </div>
          </div>
        </DraggableCore>
      </Draggable>
      <AudioListsPanel
        audioLists={Array []}
        audioListsDragEnd={[Function]}
        closeIcon={<MdClose />}
        cover=""
        deleteIcon={<FaTrashO />}
        glassBg={false}
        isMobile={false}
        notContentText="no music"
        onCancel={[Function]}
        onDelete={[Function]}
        onPlay={[Function]}
        panelTitle="PlayList"
        panelToggleAnimate={
          Object {
            "show": false,
          }
        }
        pause={true}
        pauseIcon={<AnimatePauseIcon />}
        playIcon={<AnimatePlayIcon />}
        playId=""
        remove={true}
        removeId={-1}
        visible={false}
      >
        <div
          className="audio-lists-panel"
          key="audio-list-panel"
        >
          <div
            className="audio-lists-panel-header"
          >
            <h2
              className="title"
            >
              <span
                key="panel-title"
              >
                PlayList
                 / 
              </span>
              <span
                className="num"
                key="num"
              >
                0
              </span>
              <span
                className="close-btn"
                key="close-btn"
                onClick={[Function]}
                title="Close"
              >
                <FaAngleDoubleDown>
                  <IconBase
                    viewBox="0 0 40 40"
                  >
                    <svg
                      fill="currentColor"
                      height="1em"
                      preserveAspectRatio="xMidYMid meet"
                      style={
                        Object {
                          "color": undefined,
                          "verticalAlign": "middle",
                        }
                      }
                      viewBox="0 0 40 40"
                      width="1em"
                    >
                      <g>
                        <path
                          d="m31 19.3q0 0.3-0.2 0.5l-10.4 10.4q-0.3 0.2-0.5 0.2t-0.6-0.2l-10.4-10.4q-0.2-0.2-0.2-0.5t0.2-0.5l1.2-1.1q0.2-0.3 0.5-0.3t0.5 0.3l8.8 8.7 8.7-8.7q0.3-0.3 0.5-0.3t0.6 0.3l1.1 1.1q0.2 0.2 0.2 0.5z m0-8.6q0 0.3-0.2 0.5l-10.4 10.4q-0.3 0.3-0.5 0.3t-0.6-0.3l-10.4-10.4q-0.2-0.2-0.2-0.5t0.2-0.5l1.2-1.1q0.2-0.2 0.5-0.2t0.5 0.2l8.8 8.8 8.7-8.8q0.3-0.2 0.5-0.2t0.6 0.2l1.1 1.1q0.2 0.2 0.2 0.5z"
                        />
                      </g>
                    </svg>
                  </IconBase>
                </FaAngleDoubleDown>
              </span>
              <span
                className="line"
                key="line"
              />
              <span
                className="delete-btn"
                key="delete-btn"
                onClick={[Function]}
                title="Delete audio lists"
              >
                <FaTrashO>
                  <IconBase
                    viewBox="0 0 40 40"
                  >
                    <svg
                      fill="currentColor"
                      height="1em"
                      preserveAspectRatio="xMidYMid meet"
                      style={
                        Object {
                          "color": undefined,
                          "verticalAlign": "middle",
                        }
                      }
                      viewBox="0 0 40 40"
                      width="1em"
                    >
                      <g>
                        <path
                          d="m15.9 16.4v12.9q0 0.3-0.2 0.5t-0.5 0.2h-1.4q-0.3 0-0.5-0.2t-0.2-0.5v-12.9q0-0.3 0.2-0.5t0.5-0.2h1.4q0.3 0 0.5 0.2t0.2 0.5z m5.7 0v12.9q0 0.3-0.2 0.5t-0.5 0.2h-1.4q-0.3 0-0.5-0.2t-0.2-0.5v-12.9q0-0.3 0.2-0.5t0.5-0.2h1.4q0.3 0 0.5 0.2t0.2 0.5z m5.8 0v12.9q0 0.3-0.2 0.5t-0.6 0.2h-1.4q-0.3 0-0.5-0.2t-0.2-0.5v-12.9q0-0.3 0.2-0.5t0.5-0.2h1.4q0.4 0 0.6 0.2t0.2 0.5z m2.8 16.2v-21.2h-20v21.2q0 0.5 0.2 0.9t0.3 0.6 0.2 0.2h18.6q0.1 0 0.2-0.2t0.4-0.6 0.1-0.9z m-15-24h10l-1.1-2.6q-0.1-0.2-0.3-0.3h-7.1q-0.2 0.1-0.4 0.3z m20.7 0.7v1.4q0 0.3-0.2 0.5t-0.5 0.2h-2.1v21.2q0 1.8-1.1 3.2t-2.5 1.3h-18.6q-1.4 0-2.5-1.3t-1-3.1v-21.3h-2.2q-0.3 0-0.5-0.2t-0.2-0.5v-1.4q0-0.3 0.2-0.5t0.5-0.2h6.9l1.6-3.8q0.3-0.8 1.2-1.4t1.7-0.5h7.2q0.9 0 1.8 0.5t1.2 1.4l1.5 3.8h6.9q0.3 0 0.5 0.2t0.2 0.5z"
                        />
                      </g>
                    </svg>
                  </IconBase>
                </FaTrashO>
              </span>
            </h2>
          </div>
          <div
            className="audio-lists-panel-content no-content"
            key="audio-lists-panel-content"
          >
            <span
              key="no-content"
            >
              <MdLibraryMusic>
                <IconBase
                  viewBox="0 0 40 40"
                >
                  <svg
                    fill="currentColor"
                    height="1em"
                    preserveAspectRatio="xMidYMid meet"
                    style={
                      Object {
                        "color": undefined,
                        "verticalAlign": "middle",
                      }
                    }
                    viewBox="0 0 40 40"
                    width="1em"
                  >
                    <g>
                      <path
                        d="m6.6 10v23.4h23.4v3.2h-23.4c-1.8 0-3.2-1.4-3.2-3.2v-23.4h3.2z m23.4 1.6v-3.2h-6.6v9.1c-0.7-0.6-1.6-0.9-2.5-0.9-2.3 0-4.3 2-4.3 4.3s2 4.1 4.3 4.1 4.1-1.9 4.1-4.1v-9.3h5z m3.4-8.2c1.8 0 3.2 1.4 3.2 3.2v20c0 1.8-1.4 3.4-3.2 3.4h-20c-1.8 0-3.4-1.6-3.4-3.4v-20c0-1.8 1.6-3.2 3.4-3.2h20z"
                      />
                    </g>
                  </svg>
                </IconBase>
              </MdLibraryMusic>
            </span>
            <span
              className="no-data"
              key="no-data"
            >
              no music
            </span>
          </div>
        </div>
      </AudioListsPanel>
      <audio
        className="music-player-audio"
        src=""
      />
    </div>
  </Portal>
</ReactJkMusicPlayer>
`;
